Microchip MPLAB XC8 Compiler V1.41 ()

Linker command line:

-W-3 --edf=C:\Program Files (x86)\Microchip\xc8\v1.41\dat\en_msgs.txt -cs \
  -h+dist/default/production\rtc.X.production.sym \
  --cmf=dist/default/production\rtc.X.production.cmf -z -Q16F877A \
  -oC:\Users\Admin\AppData\Local\Temp\s4a4.2 \
  -Mdist/default/production/rtc.X.production.map -E1 -ver=XC8 \
  -ASTACK=0110h-016fh -pstack=STACK -ACODE=00h-07FFhx4 -ASTRCODE=00h-01FFFh \
  -ASTRING=00h-0FFhx32 -ACONST=00h-0FFhx32 -AENTRY=00h-0FFhx32 \
  -ACOMMON=070h-07Fh -ABANK0=020h-06Fh -ABANK1=0A0h-0EFh \
  -ABANK2=0110h-016Fh -ABANK3=0190h-01EFh \
  -ARAM=020h-06Fh,0A0h-0EFh,0110h-016Fh,0190h-01EFh \
  -AABS1=020h-07Fh,0A0h-0EFh,0110h-016Fh,0190h-01EFh -ASFR0=00h-01Fh \
  -ASFR1=080h-09Fh -ASFR2=0100h-010Fh -ASFR3=0180h-018Fh \
  -preset_vec=00h,intentry,init,end_init -ppowerup=CODE -pcinit=CODE \
  -pfunctab=CODE -ACONFIG=02007h-02007h -pconfig=CONFIG -DCONFIG=2 \
  -AIDLOC=02000h-02003h -pidloc=IDLOC -DIDLOC=2 -AEEDATA=00h-0FFh/02100h \
  -peeprom_data=EEDATA -DEEDATA=2 -DCODE=2 -DSTRCODE=2 -DSTRING=2 -DCONST=2 \
  -DENTRY=2 -k C:\Users\Admin\AppData\Local\Temp\s4a4.obj \
  dist/default/production\rtc.X.production.obj 

Object code version is 3.11

Machine type is 16F877A



                Name                               Link     Load   Length Selector   Space Scale
C:\Users\Admin\AppData\Local\Temp\s4a4.obj
                end_init                              0        0        3        0       0
                idloc                              2000     2000        4     4000       0
                config                             2007     2007        1     400E       0
dist/default/production\rtc.X.production.obj
                cinit                               7F3      7F3        D      FE6       0
                text14                              5B7      5B7        5      B6E       0
                text13                              5E2      5E2        C      BC4       0
                text12                              649      649       2A      C92       0
                text11                              612      612       1B      C24       0
                text10                              5FD      5FD       15      BFA       0
                text9                               5BC      5BC        6      B78       0
                text8                               5D0      5D0        8      BA0       0
                text7                               5D8      5D8        A      BB0       0
                text6                               5C2      5C2        7      B84       0
                text5                               5EE      5EE        F      BDC       0
                text4                               5C9      5C9        7      B92       0
                text3                               69D      69D       36      D3A       0
                text2                               673      673       2A      CE6       0
                text1                               62D      62D       1C      C5A       0
                maintext                            6D3      6D3      120      DA6       0
                cstackCOMMON                         79       79        5       70       1
                bssCOMMON                            70       70        9       70       1
                strings                               3        3       12        6       0

TOTAL           Name                               Link     Load   Length     Space
        CLASS   STACK          

        CLASS   CODE           
                end_init                              0        0        3         0
                cinit                               7F3      7F3        D         0
                text14                              5B7      5B7        5         0
                text13                              5E2      5E2        C         0
                text12                              649      649       2A         0
                text11                              612      612       1B         0
                text10                              5FD      5FD       15         0
                text9                               5BC      5BC        6         0
                text8                               5D0      5D0        8         0
                text7                               5D8      5D8        A         0
                text6                               5C2      5C2        7         0
                text5                               5EE      5EE        F         0
                text4                               5C9      5C9        7         0
                text3                               69D      69D       36         0
                text2                               673      673       2A         0
                text1                               62D      62D       1C         0
                maintext                            6D3      6D3      120         0

        CLASS   STRCODE        

        CLASS   STRING         
                strings                               3        3       12         0

        CLASS   CONST          

        CLASS   ENTRY          

        CLASS   COMMON         
                cstackCOMMON                         79       79        5         1
                bssCOMMON                            70       70        9         1

        CLASS   BANK0          

        CLASS   BANK1          

        CLASS   BANK2          

        CLASS   BANK3          

        CLASS   RAM            

        CLASS   ABS1           
                abs_s1                               7E       7E        2         1

        CLASS   SFR0           

        CLASS   SFR1           

        CLASS   SFR2           

        CLASS   SFR3           

        CLASS   CONFIG         
                config                             2007     2007        1         0

        CLASS   IDLOC          
                idloc                              2000     2000        4         0

        CLASS   EEDATA         



SEGMENTS        Name                           Load    Length   Top    Selector   Space  Class     Delta

                reset_vec                      000000  000003  000003         0       0  CODE        2
                strings                        000003  000012  000015         6       0  STRING      2
                bssCOMMON                      000070  00000E  00007E        70       1  COMMON      1
                text14                         0005B7  000005  0005BC       B6E       0  CODE        2
                text9                          0005BC  000006  0005C2       B78       0  CODE        2
                text6                          0005C2  000007  0005C9       B84       0  CODE        2
                text4                          0005C9  000007  0005D0       B92       0  CODE        2
                text8                          0005D0  000008  0005D8       BA0       0  CODE        2
                text7                          0005D8  00000A  0005E2       BB0       0  CODE        2
                text13                         0005E2  00000C  0005EE       BC4       0  CODE        2
                text5                          0005EE  00000F  0005FD       BDC       0  CODE        2
                text10                         0005FD  000015  000612       BFA       0  CODE        2
                text11                         000612  00001B  00062D       C24       0  CODE        2
                text1                          00062D  00001C  000649       C5A       0  CODE        2
                text12                         000649  00002A  000673       C92       0  CODE        2
                text2                          000673  00002A  00069D       CE6       0  CODE        2
                text3                          00069D  000036  0006D3       D3A       0  CODE        2
                maintext                       0006D3  000120  0007F3       DA6       0  CODE        2
                cinit                          0007F3  00000D  000800       FE6       0  CODE        2
                idloc                          002000  000004  002004      4000       0  IDLOC       2
                config                         002007  000001  002008      400E       0  CONFIG      2


UNUSED ADDRESS RANGES

        Name                Unused          Largest block    Delta
        BANK0            0020-006F             50           1
        BANK1            00A0-00EF             50           1
        BANK2            0110-016F             60           1
        BANK3            0190-01EF             60           1
        CODE             0015-05B6            5A2           2
                         0800-1FFF            800
        CONST            0015-05B6            100           2
                         0800-1FFF            100
        EEDATA           2100-21FF            100           2
        ENTRY            0015-05B6            100           2
                         0800-1FFF            100
        RAM              0020-006F             50           1
                         00A0-00EF             50
                         0110-016F             60
                         0190-01EF             60
        SFR0             0000-001F             20           1
        SFR1             0080-009F             20           1
        SFR2             0100-010F             10           1
        SFR3             0180-018F             10           1
        STACK            0110-016F             60           1
        STRCODE          0015-05B6            5A2           2
                         0800-1FFF           1800
        STRING           0015-05B6            100           2
                         0800-1FFF            100

                                  Symbol Table

_ACKDT                   (abs)        048D
_ACKEN                   (abs)        048C
_ACKSTAT                 (abs)        048E
_PEN                     (abs)        048A
_PORTD                   (abs)        0008
_RB0                     (abs)        0030
_RB1                     (abs)        0031
_RB2                     (abs)        0032
_RCEN                    (abs)        048B
_RSEN                    (abs)        0489
_SEN                     (abs)        0488
_SSPADD                  (abs)        0093
_SSPBUF                  (abs)        0013
_SSPCON                  (abs)        0014
_SSPIF                   (abs)        0063
_TRISB                   (abs)        0086
_TRISC3                  (abs)        043B
_TRISC4                  (abs)        043C
_TRISD                   (abs)        0088
__CFG_FOSC$HS            (abs)        0000
__CFG_LVP$OFF            (abs)        0000
__CFG_WDTE$OFF           (abs)        0000
__Habs1                  abs1         0000
__Hbank0                 bank0        0000
__Hbank1                 bank1        0000
__Hbank2                 bank2        0000
__Hbank3                 bank3        0000
__HbssCOMMON             bssCOMMON    0000
__Hcinit                 cinit        0800
__Hclrtext               clrtext      0000
__Hcode                  code         0000
__Hcommon                common       0000
__Hconfig                config       2008
__HcstackCOMMON          cstackCOMMON 0000
__Heeprom_data           eeprom_data  0000
__Hend_init              end_init     0003
__Hfunctab               functab      0000
__Hidloc                 idloc        2004
__Hinit                  init         0000
__Hintentry              intentry     0000
__Hmaintext              maintext     0000
__Hpowerup               powerup      0000
__Hram                   ram          0000
__Hreset_vec             reset_vec    0000
__Hsfr0                  sfr0         0000
__Hsfr1                  sfr1         0000
__Hsfr2                  sfr2         0000
__Hsfr3                  sfr3         0000
__Hspace_0               (abs)        2008
__Hspace_1               (abs)        007E
__Hspace_2               (abs)        0000
__Hspace_3               (abs)        0000
__Hstack                 stack        0000
__Hstrings               strings      0000
__Htext                  text         0000
__Labs1                  abs1         0000
__Lbank0                 bank0        0000
__Lbank1                 bank1        0000
__Lbank2                 bank2        0000
__Lbank3                 bank3        0000
__LbssCOMMON             bssCOMMON    0000
__Lcinit                 cinit        07F3
__Lclrtext               clrtext      0000
__Lcode                  code         0000
__Lcommon                common       0000
__Lconfig                config       2007
__LcstackCOMMON          cstackCOMMON 0000
__Leeprom_data           eeprom_data  0000
__Lend_init              end_init     0000
__Lfunctab               functab      0000
__Lidloc                 idloc        2000
__Linit                  init         0000
__Lintentry              intentry     0000
__Lmaintext              maintext     0000
__Lpowerup               powerup      0000
__Lram                   ram          0000
__Lreset_vec             reset_vec    0000
__Lsfr0                  sfr0         0000
__Lsfr1                  sfr1         0000
__Lsfr2                  sfr2         0000
__Lsfr3                  sfr3         0000
__Lspace_0               (abs)        0000
__Lspace_1               (abs)        0000
__Lspace_2               (abs)        0000
__Lspace_3               (abs)        0000
__Lstack                 stack        0000
__Lstrings               strings      0000
__Ltext                  text         0000
__S0                     (abs)        2008
__S1                     (abs)        007E
__S2                     (abs)        0000
__S3                     (abs)        0000
___int_sp                stack        0000
___latbits               (abs)        0002
___sp                    stack        0000
__end_of__initialization cinit        07FC
__end_of__stringtab      strings      0009
__end_of_cmd             text12       0673
__end_of_convd           text14       05BC
__end_of_convup          text13       05EE
__end_of_dat             text2        069D
__end_of_lcd_init        text11       062D
__end_of_main            maintext     07F3
__end_of_rtc_int         text10       0612
__end_of_rtc_nak         text8        05D8
__end_of_rtc_read        text7        05E2
__end_of_rtc_read_byte   text3        06D3
__end_of_rtc_res         text6        05C9
__end_of_rtc_send        text5        05FD
__end_of_rtc_stop        text4        05D0
__end_of_show            text1        0649
__end_of_waitmssp        text9        05C2
__initialization         cinit        07F3
__pbssCOMMON             bssCOMMON    0070
__pcstackCOMMON          cstackCOMMON 0079
__pmaintext              maintext     06D3
__pstrings               strings      0003
__ptext1                 text1        062D
__ptext10                text10       05FD
__ptext11                text11       0612
__ptext12                text12       0649
__ptext13                text13       05E2
__ptext14                text14       05B7
__ptext2                 text2        0673
__ptext3                 text3        069D
__ptext4                 text4        05C9
__ptext5                 text5        05EE
__ptext6                 text6        05C2
__ptext7                 text7        05D8
__ptext8                 text8        05D0
__ptext9                 text9        05BC
__size_of_cmd            (abs)        0000
__size_of_convd          (abs)        0000
__size_of_convup         (abs)        0000
__size_of_dat            (abs)        0000
__size_of_lcd_init       (abs)        0000
__size_of_main           (abs)        0000
__size_of_rtc_int        (abs)        0000
__size_of_rtc_nak        (abs)        0000
__size_of_rtc_read       (abs)        0000
__size_of_rtc_read_byte  (abs)        0000
__size_of_rtc_res        (abs)        0000
__size_of_rtc_send       (abs)        0000
__size_of_rtc_stop       (abs)        0000
__size_of_show           (abs)        0000
__size_of_waitmssp       (abs)        0000
__stringbase             strings      0008
__stringtab              strings      0003
_cmd                     text12       0649
_convd                   text14       05B7
_convup                  text13       05E2
_dat                     text2        0673
_date                    bssCOMMON    0074
_day                     bssCOMMON    0075
_hour                    bssCOMMON    0076
_i                       bssCOMMON    0070
_lcd_init                text11       0612
_main                    maintext     06D3
_min                     bssCOMMON    0077
_month                   bssCOMMON    0073
_rtc_int                 text10       05FD
_rtc_nak                 text8        05D0
_rtc_read                text7        05D8
_rtc_read_byte           text3        069D
_rtc_res                 text6        05C2
_rtc_send                text5        05EE
_rtc_stop                text4        05C9
_sec                     bssCOMMON    0078
_show                    text1        062D
_waitmssp                text9        05BC
_year                    bssCOMMON    0072
btemp                    (abs)        007E
cmd@a                    cstackCOMMON 0079
convd@bcd                cstackCOMMON 0079
convup@bcd               cstackCOMMON 007A
dat@b                    cstackCOMMON 0079
end_of_initialization    cinit        07FC
intlevel0                functab      0000
intlevel1                functab      0000
intlevel2                functab      0000
intlevel3                functab      0000
intlevel4                functab      0000
intlevel5                functab      0000
reset_vec                reset_vec    0000
rtc_read_byte@addr       cstackCOMMON 007B
rtc_read_byte@rec        cstackCOMMON 007C
rtc_send@a               cstackCOMMON 0079
show@s                   cstackCOMMON 007B
stackhi                  (abs)        0000
stacklo                  (abs)        0000
start                    init         0000
start_initialization     cinit        07F3
wtemp0                   (abs)        007E


FUNCTION INFORMATION:

 *************** function _main *****************
 Defined at:
		line 24 in file "rtc.c"
 Parameters:    Size  Location     Type
		None
 Auto vars:     Size  Location     Type
		None
 Return value:  Size  Location     Type
                  1    wreg      void 
 Registers used:
		wreg, fsr0l, fsr0h, status,2, status,0, btemp+1, pclath, cstack
 Tracked objects:
		On entry : 
		On exit  : 
		Unchanged: 
 Data sizes:     COMMON   BANK0   BANK1   BANK3   BANK2
      Params:         0       0       0       0       0
      Locals:         0       0       0       0       0
      Temps:          1       0       0       0       0
      Totals:         1       0       0       0       0
Total ram usage:        1 bytes
 Hardware stack levels required when called:    3
 This function calls:
		_cmd
		_convd
		_convup
		_dat
		_lcd_init
		_rtc_int
		_rtc_read_byte
		_show
 This function is called by:
		Startup code after reset
 This function uses a non-reentrant model


 *************** function _show *****************
 Defined at:
		line 36 in file "lcd.h"
 Parameters:    Size  Location     Type
  s               1    wreg     PTR unsigned char 
		 -> STR_2(6), STR_1(6), 
 Auto vars:     Size  Location     Type
  s               1    2[COMMON] PTR unsigned char 
		 -> STR_2(6), STR_1(6), 
 Return value:  Size  Location     Type
                  1    wreg      void 
 Registers used:
		wreg, fsr0l, fsr0h, status,2, status,0, btemp+1, pclath, cstack
 Tracked objects:
		On entry : 
		On exit  : 
		Unchanged: 
 Data sizes:     COMMON   BANK0   BANK1   BANK3   BANK2
      Params:         0       0       0       0       0
      Locals:         1       0       0       0       0
      Temps:          1       0       0       0       0
      Totals:         2       0       0       0       0
Total ram usage:        2 bytes
 Hardware stack levels used:    1
 Hardware stack levels required when called:    1
 This function calls:
		_dat
 This function is called by:
		_main
 This function uses a non-reentrant model


 *************** function _dat *****************
 Defined at:
		line 27 in file "lcd.h"
 Parameters:    Size  Location     Type
  b               1    wreg     unsigned char 
 Auto vars:     Size  Location     Type
  b               1    0[COMMON] unsigned char 
 Return value:  Size  Location     Type
                  1    wreg      void 
 Registers used:
		wreg, status,2, btemp+1
 Tracked objects:
		On entry : 
		On exit  : 
		Unchanged: 
 Data sizes:     COMMON   BANK0   BANK1   BANK3   BANK2
      Params:         0       0       0       0       0
      Locals:         1       0       0       0       0
      Temps:          0       0       0       0       0
      Totals:         1       0       0       0       0
Total ram usage:        1 bytes
 Hardware stack levels used:    1
 This function calls:
		Nothing
 This function is called by:
		_show
		_main
 This function uses a non-reentrant model


 *************** function _rtc_read_byte *****************
 Defined at:
		line 105 in file "rtc.c"
 Parameters:    Size  Location     Type
  addr            1    wreg     unsigned char 
 Auto vars:     Size  Location     Type
  addr            1    2[COMMON] unsigned char 
  rec             1    3[COMMON] unsigned char 
 Return value:  Size  Location     Type
                  1    wreg      unsigned char 
 Registers used:
		wreg, status,2, status,0, pclath, cstack
 Tracked objects:
		On entry : 
		On exit  : 
		Unchanged: 
 Data sizes:     COMMON   BANK0   BANK1   BANK3   BANK2
      Params:         0       0       0       0       0
      Locals:         2       0       0       0       0
      Temps:          1       0       0       0       0
      Totals:         3       0       0       0       0
Total ram usage:        3 bytes
 Hardware stack levels used:    1
 Hardware stack levels required when called:    2
 This function calls:
		_rtc_nak
		_rtc_read
		_rtc_res
		_rtc_send
		_rtc_stop
		_waitmssp
 This function is called by:
		_main
 This function uses a non-reentrant model


 *************** function _rtc_stop *****************
 Defined at:
		line 129 in file "rtc.c"
 Parameters:    Size  Location     Type
		None
 Auto vars:     Size  Location     Type
		None
 Return value:  Size  Location     Type
                  1    wreg      void 
 Registers used:
		status,2, status,0, pclath, cstack
 Tracked objects:
		On entry : 
		On exit  : 
		Unchanged: 
 Data sizes:     COMMON   BANK0   BANK1   BANK3   BANK2
      Params:         0       0       0       0       0
      Locals:         0       0       0       0       0
      Temps:          0       0       0       0       0
      Totals:         0       0       0       0       0
Total ram usage:        0 bytes
 Hardware stack levels used:    1
 Hardware stack levels required when called:    1
 This function calls:
		_waitmssp
 This function is called by:
		_rtc_read_byte
		_rtc_send_byte
 This function uses a non-reentrant model


 *************** function _rtc_send *****************
 Defined at:
		line 81 in file "rtc.c"
 Parameters:    Size  Location     Type
  a               1    wreg     unsigned char 
 Auto vars:     Size  Location     Type
  a               1    0[COMMON] unsigned char 
 Return value:  Size  Location     Type
                  1    wreg      void 
 Registers used:
		wreg, status,2, status,0, pclath, cstack
 Tracked objects:
		On entry : 
		On exit  : 
		Unchanged: 
 Data sizes:     COMMON   BANK0   BANK1   BANK3   BANK2
      Params:         0       0       0       0       0
      Locals:         1       0       0       0       0
      Temps:          0       0       0       0       0
      Totals:         1       0       0       0       0
Total ram usage:        1 bytes
 Hardware stack levels used:    1
 Hardware stack levels required when called:    1
 This function calls:
		_waitmssp
 This function is called by:
		_rtc_read_byte
		_rtc_send_byte
 This function uses a non-reentrant model


 *************** function _rtc_res *****************
 Defined at:
		line 135 in file "rtc.c"
 Parameters:    Size  Location     Type
		None
 Auto vars:     Size  Location     Type
		None
 Return value:  Size  Location     Type
                  1    wreg      void 
 Registers used:
		status,2, status,0, pclath, cstack
 Tracked objects:
		On entry : 
		On exit  : 
		Unchanged: 
 Data sizes:     COMMON   BANK0   BANK1   BANK3   BANK2
      Params:         0       0       0       0       0
      Locals:         0       0       0       0       0
      Temps:          0       0       0       0       0
      Totals:         0       0       0       0       0
Total ram usage:        0 bytes
 Hardware stack levels used:    1
 Hardware stack levels required when called:    1
 This function calls:
		_waitmssp
 This function is called by:
		_rtc_read_byte
 This function uses a non-reentrant model


 *************** function _rtc_read *****************
 Defined at:
		line 98 in file "rtc.c"
 Parameters:    Size  Location     Type
		None
 Auto vars:     Size  Location     Type
		None
 Return value:  Size  Location     Type
                  1    wreg      unsigned char 
 Registers used:
		wreg, status,2, status,0, pclath, cstack
 Tracked objects:
		On entry : 
		On exit  : 
		Unchanged: 
 Data sizes:     COMMON   BANK0   BANK1   BANK3   BANK2
      Params:         0       0       0       0       0
      Locals:         0       0       0       0       0
      Temps:          0       0       0       0       0
      Totals:         0       0       0       0       0
Total ram usage:        0 bytes
 Hardware stack levels used:    1
 Hardware stack levels required when called:    1
 This function calls:
		_waitmssp
 This function is called by:
		_rtc_read_byte
 This function uses a non-reentrant model


 *************** function _rtc_nak *****************
 Defined at:
		line 148 in file "rtc.c"
 Parameters:    Size  Location     Type
		None
 Auto vars:     Size  Location     Type
		None
 Return value:  Size  Location     Type
                  1    wreg      void 
 Registers used:
		status,2, status,0, pclath, cstack
 Tracked objects:
		On entry : 
		On exit  : 
		Unchanged: 
 Data sizes:     COMMON   BANK0   BANK1   BANK3   BANK2
      Params:         0       0       0       0       0
      Locals:         0       0       0       0       0
      Temps:          0       0       0       0       0
      Totals:         0       0       0       0       0
Total ram usage:        0 bytes
 Hardware stack levels used:    1
 Hardware stack levels required when called:    1
 This function calls:
		_waitmssp
 This function is called by:
		_rtc_read_byte
 This function uses a non-reentrant model


 *************** function _waitmssp *****************
 Defined at:
		line 75 in file "rtc.c"
 Parameters:    Size  Location     Type
		None
 Auto vars:     Size  Location     Type
		None
 Return value:  Size  Location     Type
                  1    wreg      void 
 Registers used:
		None
 Tracked objects:
		On entry : 
		On exit  : 
		Unchanged: 
 Data sizes:     COMMON   BANK0   BANK1   BANK3   BANK2
      Params:         0       0       0       0       0
      Locals:         0       0       0       0       0
      Temps:          0       0       0       0       0
      Totals:         0       0       0       0       0
Total ram usage:        0 bytes
 Hardware stack levels used:    1
 This function calls:
		Nothing
 This function is called by:
		_rtc_send
		_rtc_read
		_rtc_read_byte
		_rtc_stop
		_rtc_res
		_rtc_nak
		_rtc_start
		_rtc_ack
 This function uses a non-reentrant model


 *************** function _rtc_int *****************
 Defined at:
		line 68 in file "rtc.c"
 Parameters:    Size  Location     Type
		None
 Auto vars:     Size  Location     Type
		None
 Return value:  Size  Location     Type
                  1    wreg      void 
 Registers used:
		wreg
 Tracked objects:
		On entry : 
		On exit  : 
		Unchanged: 
 Data sizes:     COMMON   BANK0   BANK1   BANK3   BANK2
      Params:         0       0       0       0       0
      Locals:         0       0       0       0       0
      Temps:          0       0       0       0       0
      Totals:         0       0       0       0       0
Total ram usage:        0 bytes
 Hardware stack levels used:    1
 This function calls:
		Nothing
 This function is called by:
		_main
 This function uses a non-reentrant model


 *************** function _lcd_init *****************
 Defined at:
		line 10 in file "lcd.h"
 Parameters:    Size  Location     Type
		None
 Auto vars:     Size  Location     Type
		None
 Return value:  Size  Location     Type
                  1    wreg      void 
 Registers used:
		wreg, status,2, status,0, btemp+1, pclath, cstack
 Tracked objects:
		On entry : 
		On exit  : 
		Unchanged: 
 Data sizes:     COMMON   BANK0   BANK1   BANK3   BANK2
      Params:         0       0       0       0       0
      Locals:         0       0       0       0       0
      Temps:          0       0       0       0       0
      Totals:         0       0       0       0       0
Total ram usage:        0 bytes
 Hardware stack levels used:    1
 Hardware stack levels required when called:    1
 This function calls:
		_cmd
 This function is called by:
		_main
 This function uses a non-reentrant model


 *************** function _cmd *****************
 Defined at:
		line 18 in file "lcd.h"
 Parameters:    Size  Location     Type
  a               1    wreg     unsigned char 
 Auto vars:     Size  Location     Type
  a               1    0[COMMON] unsigned char 
 Return value:  Size  Location     Type
                  1    wreg      void 
 Registers used:
		wreg, status,2, btemp+1
 Tracked objects:
		On entry : 
		On exit  : 
		Unchanged: 
 Data sizes:     COMMON   BANK0   BANK1   BANK3   BANK2
      Params:         0       0       0       0       0
      Locals:         1       0       0       0       0
      Temps:          0       0       0       0       0
      Totals:         1       0       0       0       0
Total ram usage:        1 bytes
 Hardware stack levels used:    1
 This function calls:
		Nothing
 This function is called by:
		_lcd_init
		_main
 This function uses a non-reentrant model


 *************** function _convup *****************
 Defined at:
		line 155 in file "rtc.c"
 Parameters:    Size  Location     Type
  bcd             1    wreg     unsigned char 
 Auto vars:     Size  Location     Type
  bcd             1    1[COMMON] unsigned char 
 Return value:  Size  Location     Type
                  1    wreg      unsigned char 
 Registers used:
		wreg, status,2, status,0
 Tracked objects:
		On entry : 
		On exit  : 
		Unchanged: 
 Data sizes:     COMMON   BANK0   BANK1   BANK3   BANK2
      Params:         0       0       0       0       0
      Locals:         1       0       0       0       0
      Temps:          1       0       0       0       0
      Totals:         2       0       0       0       0
Total ram usage:        2 bytes
 Hardware stack levels used:    1
 This function calls:
		Nothing
 This function is called by:
		_main
 This function uses a non-reentrant model


 *************** function _convd *****************
 Defined at:
		line 160 in file "rtc.c"
 Parameters:    Size  Location     Type
  bcd             1    wreg     unsigned char 
 Auto vars:     Size  Location     Type
  bcd             1    0[COMMON] unsigned char 
 Return value:  Size  Location     Type
                  1    wreg      unsigned char 
 Registers used:
		wreg, status,2, status,0
 Tracked objects:
		On entry : 
		On exit  : 
		Unchanged: 
 Data sizes:     COMMON   BANK0   BANK1   BANK3   BANK2
      Params:         0       0       0       0       0
      Locals:         1       0       0       0       0
      Temps:          0       0       0       0       0
      Totals:         1       0       0       0       0
Total ram usage:        1 bytes
 Hardware stack levels used:    1
 This function calls:
		Nothing
 This function is called by:
		_main
 This function uses a non-reentrant model



MODULE INFORMATION

Module		Function		Class		Link	Load	Size
shared
		__stringtab    		STRING         	0003	0000	7
		__initialization		CODE           	07F3	0000	10

shared estimated size: 17

rtc.c
		_convup        		CODE           	05E2	0000	13
		_rtc_nak       		CODE           	05D0	0000	9
		_rtc_stop      		CODE           	05C9	0000	8
		_main          		CODE           	06D3	0000	289
		_rtc_read      		CODE           	05D8	0000	11
		_waitmssp      		CODE           	05BC	0000	7
		_rtc_send      		CODE           	05EE	0000	16
		_rtc_read_byte 		CODE           	069D	0000	55
		_convd         		CODE           	05B7	0000	6
		_rtc_res       		CODE           	05C2	0000	8
		_rtc_int       		CODE           	05FD	0000	22

rtc.c estimated size: 444

lcd.h
		_dat           		CODE           	0673	0000	43
		_show          		CODE           	062D	0000	29
		_cmd           		CODE           	0649	0000	43
		_lcd_init      		CODE           	0612	0000	28

lcd.h estimated size: 143

