Microchip MPLAB XC8 Compiler V1.41 ()

Linker command line:

-W-3 --edf=C:\Program Files (x86)\Microchip\xc8\v1.41\dat\en_msgs.txt -cs \
  -h+dist/default/production\adc166bittttfinall.X.production.sym \
  --cmf=dist/default/production\adc166bittttfinall.X.production.cmf -z \
  -Q16F877A -oC:\Users\Admin\AppData\Local\Temp\sdk4.2 \
  -Mdist/default/production/adc166bittttfinall.X.production.map -E1 \
  -ver=XC8 -ASTACK=0110h-016fh -pstack=STACK -ACODE=00h-07FFhx4 \
  -ASTRCODE=00h-01FFFh -ASTRING=00h-0FFhx32 -ACONST=00h-0FFhx32 \
  -AENTRY=00h-0FFhx32 -ACOMMON=070h-07Fh -ABANK0=020h-06Fh \
  -ABANK1=0A0h-0EFh -ABANK2=0110h-016Fh -ABANK3=0190h-01EFh \
  -ARAM=020h-06Fh,0A0h-0EFh,0110h-016Fh,0190h-01EFh \
  -AABS1=020h-07Fh,0A0h-0EFh,0110h-016Fh,0190h-01EFh -ASFR0=00h-01Fh \
  -ASFR1=080h-09Fh -ASFR2=0100h-010Fh -ASFR3=0180h-018Fh \
  -preset_vec=00h,intentry,init,end_init -ppowerup=CODE -pcinit=CODE \
  -pfunctab=CODE -ACONFIG=02007h-02007h -pconfig=CONFIG -DCONFIG=2 \
  -AIDLOC=02000h-02003h -pidloc=IDLOC -DIDLOC=2 -AEEDATA=00h-0FFh/02100h \
  -peeprom_data=EEDATA -DEEDATA=2 -DCODE=2 -DSTRCODE=2 -DSTRING=2 -DCONST=2 \
  -DENTRY=2 -k C:\Users\Admin\AppData\Local\Temp\sdk4.obj \
  dist/default/production\adc166bittttfinall.X.production.obj 

Object code version is 3.11

Machine type is 16F877A



                Name                               Link     Load   Length Selector   Space Scale
C:\Users\Admin\AppData\Local\Temp\sdk4.obj
                end_init                              0        0        3        0       0
                idloc                              2000     2000        4     4000       0
                config                             2007     2007        1     400E       0
dist/default/production\adc166bittttfinall.X.production.obj
                cinit                               7FC      7FC        4      FF8       0
                text14                              62A      62A       3C      C54       0
                text13                              5F8      5F8       32      BF0       0
                text12                              5B8      5B8       14      B70       0
                text11                              58D      58D        E      B1A       0
                text10                              5CC      5CC       2C      B98       0
                text9                               59B      59B        E      B36       0
                text8                               6FD      6FD       FF      DFA       0
                text7                               55F      55F        6      ABE       0
                text6                               573      573        8      AE6       0
                text5                               57B      57B        8      AF6       0
                text4                               583      583        A      B06       0
                text3                               5A9      5A9        F      B52       0
                text2                               565      565        7      ACA       0
                text1                               56C      56C        7      AD8       0
                maintext                            666      666       97      CCC       0
                cstackBANK0                          20       20       1C       20       1
                cstackCOMMON                         70       70        E       70       1

TOTAL           Name                               Link     Load   Length     Space
        CLASS   STACK          

        CLASS   CODE           
                end_init                              0        0        3         0
                cinit                               7FC      7FC        4         0
                text14                              62A      62A       3C         0
                text13                              5F8      5F8       32         0
                text12                              5B8      5B8       14         0
                text11                              58D      58D        E         0
                text10                              5CC      5CC       2C         0
                text9                               59B      59B        E         0
                text8                               6FD      6FD       FF         0
                text7                               55F      55F        6         0
                text6                               573      573        8         0
                text5                               57B      57B        8         0
                text4                               583      583        A         0
                text3                               5A9      5A9        F         0
                text2                               565      565        7         0
                text1                               56C      56C        7         0
                maintext                            666      666       97         0

        CLASS   STRCODE        

        CLASS   STRING         

        CLASS   CONST          

        CLASS   ENTRY          

        CLASS   COMMON         
                cstackCOMMON                         70       70        E         1

        CLASS   BANK0          
                cstackBANK0                          20       20       1C         1

        CLASS   BANK1          

        CLASS   BANK2          

        CLASS   BANK3          

        CLASS   RAM            

        CLASS   ABS1           
                abs_s1                               7E       7E        2         1

        CLASS   SFR0           

        CLASS   SFR1           

        CLASS   SFR2           

        CLASS   SFR3           

        CLASS   CONFIG         
                config                             2007     2007        1         0

        CLASS   IDLOC          
                idloc                              2000     2000        4         0

        CLASS   EEDATA         



SEGMENTS        Name                           Load    Length   Top    Selector   Space  Class     Delta

                reset_vec                      000000  000003  000003         0       0  CODE        2
                cstackBANK0                    000020  00001C  00003C        20       1  BANK0       1
                cstackCOMMON                   000070  00000E  00007E        70       1  COMMON      1
                text7                          00055F  000006  000565       ABE       0  CODE        2
                text2                          000565  000007  00056C       ACA       0  CODE        2
                text1                          00056C  000007  000573       AD8       0  CODE        2
                text6                          000573  000008  00057B       AE6       0  CODE        2
                text5                          00057B  000008  000583       AF6       0  CODE        2
                text4                          000583  00000A  00058D       B06       0  CODE        2
                text11                         00058D  00000E  00059B       B1A       0  CODE        2
                text9                          00059B  00000E  0005A9       B36       0  CODE        2
                text3                          0005A9  00000F  0005B8       B52       0  CODE        2
                text12                         0005B8  000014  0005CC       B70       0  CODE        2
                text10                         0005CC  00002C  0005F8       B98       0  CODE        2
                text13                         0005F8  000032  00062A       BF0       0  CODE        2
                text14                         00062A  00003C  000666       C54       0  CODE        2
                maintext                       000666  000097  0006FD       CCC       0  CODE        2
                text8                          0006FD  0000FF  0007FC       DFA       0  CODE        2
                cinit                          0007FC  000004  000800       FF8       0  CODE        2
                idloc                          002000  000004  002004      4000       0  IDLOC       2
                config                         002007  000001  002008      400E       0  CONFIG      2


UNUSED ADDRESS RANGES

        Name                Unused          Largest block    Delta
        BANK0            003C-006F             34           1
        BANK1            00A0-00EF             50           1
        BANK2            0110-016F             60           1
        BANK3            0190-01EF             60           1
        CODE             0003-055E            55C           2
                         0800-1FFF            800
        CONST            0003-055E            100           2
                         0800-1FFF            100
        EEDATA           2100-21FF            100           2
        ENTRY            0003-055E            100           2
                         0800-1FFF            100
        RAM              003C-006F             34           1
                         00A0-00EF             50
                         0110-016F             60
                         0190-01EF             60
        SFR0             0000-001F             20           1
        SFR1             0080-009F             20           1
        SFR2             0100-010F             10           1
        SFR3             0180-018F             10           1
        STACK            0110-016F             60           1
        STRCODE          0003-055E            55C           2
                         0800-1FFF           1800
        STRING           0003-055E            100           2
                         0800-1FFF            100

                                  Symbol Table

?___lwdiv                cstackCOMMON 0070
?___lwmod                cstackCOMMON 0070
_ACKDT                   (abs)        048D
_ACKEN                   (abs)        048C
_ACKSTAT                 (abs)        048E
_PEN                     (abs)        048A
_PORTD                   (abs)        0008
_RC0                     (abs)        0038
_RC1                     (abs)        0039
_RC2                     (abs)        003A
_RCEN                    (abs)        048B
_RSEN                    (abs)        0489
_SEN                     (abs)        0488
_SSPADD                  (abs)        0093
_SSPBUF                  (abs)        0013
_SSPCON                  (abs)        0014
_SSPIF                   (abs)        0063
_TRISC0                  (abs)        0438
_TRISC1                  (abs)        0439
_TRISC2                  (abs)        043A
_TRISD                   (abs)        0088
__CFG_BOREN$ON           (abs)        0000
__CFG_CP$OFF             (abs)        0000
__CFG_CPD$OFF            (abs)        0000
__CFG_FOSC$HS            (abs)        0000
__CFG_LVP$ON             (abs)        0000
__CFG_PWRTE$OFF          (abs)        0000
__CFG_WDTE$OFF           (abs)        0000
__CFG_WRT$OFF            (abs)        0000
__Habs1                  abs1         0000
__Hbank0                 bank0        0000
__Hbank1                 bank1        0000
__Hbank2                 bank2        0000
__Hbank3                 bank3        0000
__Hcinit                 cinit        0800
__Hclrtext               clrtext      0000
__Hcode                  code         0000
__Hcommon                common       0000
__Hconfig                config       2008
__HcstackBANK0           cstackBANK0  0000
__HcstackCOMMON          cstackCOMMON 0000
__Heeprom_data           eeprom_data  0000
__Hend_init              end_init     0003
__Hfunctab               functab      0000
__Hidloc                 idloc        2004
__Hinit                  init         0000
__Hintentry              intentry     0000
__Hmaintext              maintext     0000
__Hpowerup               powerup      0000
__Hram                   ram          0000
__Hreset_vec             reset_vec    0000
__Hsfr0                  sfr0         0000
__Hsfr1                  sfr1         0000
__Hsfr2                  sfr2         0000
__Hsfr3                  sfr3         0000
__Hspace_0               (abs)        2008
__Hspace_1               (abs)        007E
__Hspace_2               (abs)        0000
__Hspace_3               (abs)        0000
__Hstack                 stack        0000
__Hstrings               strings      0000
__Htext                  text         0000
__Labs1                  abs1         0000
__Lbank0                 bank0        0000
__Lbank1                 bank1        0000
__Lbank2                 bank2        0000
__Lbank3                 bank3        0000
__Lcinit                 cinit        07FC
__Lclrtext               clrtext      0000
__Lcode                  code         0000
__Lcommon                common       0000
__Lconfig                config       2007
__LcstackBANK0           cstackBANK0  0000
__LcstackCOMMON          cstackCOMMON 0000
__Leeprom_data           eeprom_data  0000
__Lend_init              end_init     0000
__Lfunctab               functab      0000
__Lidloc                 idloc        2000
__Linit                  init         0000
__Lintentry              intentry     0000
__Lmaintext              maintext     0000
__Lpowerup               powerup      0000
__Lram                   ram          0000
__Lreset_vec             reset_vec    0000
__Lsfr0                  sfr0         0000
__Lsfr1                  sfr1         0000
__Lsfr2                  sfr2         0000
__Lsfr3                  sfr3         0000
__Lspace_0               (abs)        0000
__Lspace_1               (abs)        0000
__Lspace_2               (abs)        0000
__Lspace_3               (abs)        0000
__Lstack                 stack        0000
__Lstrings               strings      0000
__Ltext                  text         0000
__S0                     (abs)        2008
__S1                     (abs)        007E
__S2                     (abs)        0000
__S3                     (abs)        0000
___int_sp                stack        0000
___latbits               (abs)        0002
___lwdiv                 text14       062A
___lwdiv@counter         cstackCOMMON 0077
___lwdiv@dividend        cstackCOMMON 0072
___lwdiv@divisor         cstackCOMMON 0070
___lwdiv@quotient        cstackCOMMON 0075
___lwmod                 text13       05F8
___lwmod@counter         cstackCOMMON 0075
___lwmod@dividend        cstackCOMMON 0072
___lwmod@divisor         cstackCOMMON 0070
___sp                    stack        0000
__end_of___lwdiv         text14       0666
__end_of___lwmod         text13       062A
__end_of__initialization cinit        07FC
__end_of_cmd             text11       059B
__end_of_cmmd            text10       05F8
__end_of_dat             text9        05A9
__end_of_delay           text12       05CC
__end_of_fun             text8        07FC
__end_of_i2c_ack         text6        057B
__end_of_i2c_flag        text7        0565
__end_of_i2c_nack        text5        0583
__end_of_i2c_read        text4        058D
__end_of_i2c_send        text3        05B8
__end_of_i2c_start       text2        056C
__end_of_i2c_stop        text1        0573
__end_of_main            maintext     06FD
__initialization         cinit        07FC
__pcstackBANK0           cstackBANK0  0020
__pcstackCOMMON          cstackCOMMON 0070
__pmaintext              maintext     0666
__ptext1                 text1        056C
__ptext10                text10       05CC
__ptext11                text11       058D
__ptext12                text12       05B8
__ptext13                text13       05F8
__ptext14                text14       062A
__ptext2                 text2        0565
__ptext3                 text3        05A9
__ptext4                 text4        0583
__ptext5                 text5        057B
__ptext6                 text6        0573
__ptext7                 text7        055F
__ptext8                 text8        06FD
__ptext9                 text9        059B
__size_of___lwdiv        (abs)        0000
__size_of___lwmod        (abs)        0000
__size_of_cmd            (abs)        0000
__size_of_cmmd           (abs)        0000
__size_of_dat            (abs)        0000
__size_of_delay          (abs)        0000
__size_of_fun            (abs)        0000
__size_of_i2c_ack        (abs)        0000
__size_of_i2c_flag       (abs)        0000
__size_of_i2c_nack       (abs)        0000
__size_of_i2c_read       (abs)        0000
__size_of_i2c_send       (abs)        0000
__size_of_i2c_start      (abs)        0000
__size_of_i2c_stop       (abs)        0000
__size_of_main           (abs)        0000
_cmd                     text11       058D
_cmmd                    text10       05CC
_dat                     text9        059B
_delay                   text12       05B8
_fun                     text8        06FD
_i2c_ack                 text6        0573
_i2c_flag                text7        055F
_i2c_nack                text5        057B
_i2c_read                text4        0583
_i2c_send                text3        05A9
_i2c_start               text2        0565
_i2c_stop                text1        056C
_main                    maintext     0666
btemp                    (abs)        007E
cmd@x                    cstackCOMMON 0072
dat@y                    cstackCOMMON 0072
delay@i                  cstackCOMMON 0070
end_of_initialization    cinit        07FC
fun@a                    cstackBANK0  0034
fun@adc                  cstackCOMMON 0078
fun@b                    cstackBANK0  0036
fun@c                    cstackBANK0  0020
fun@d                    cstackBANK0  0038
fun@e                    cstackBANK0  0022
fun@f                    cstackBANK0  003A
fun@g                    cstackBANK0  0024
fun@h                    cstackBANK0  0026
fun@i                    cstackBANK0  0028
fun@j                    cstackBANK0  002A
fun@k                    cstackBANK0  002C
fun@l                    cstackBANK0  0032
fun@m                    cstackBANK0  002E
fun@n                    cstackBANK0  0030
i2c_send@b               cstackCOMMON 0070
intlevel0                functab      0000
intlevel1                functab      0000
intlevel2                functab      0000
intlevel3                functab      0000
intlevel4                functab      0000
intlevel5                functab      0000
main@result              cstackCOMMON 007C
reset_vec                reset_vec    0000
stackhi                  (abs)        0000
stacklo                  (abs)        0000
start                    init         0000
start_initialization     cinit        07FC
wtemp0                   (abs)        007E


FUNCTION INFORMATION:

 *************** function _main *****************
 Defined at:
		line 100 in file "16bitfinaladc.c"
 Parameters:    Size  Location     Type
		None
 Auto vars:     Size  Location     Type
  result          2   12[COMMON] unsigned int 
 Return value:  Size  Location     Type
                  1    wreg      void 
 Registers used:
		wreg, status,2, status,0, btemp+1, pclath, cstack
 Tracked objects:
		On entry : 
		On exit  : 
		Unchanged: 
 Data sizes:     COMMON   BANK0   BANK1   BANK3   BANK2
      Params:         0       0       0       0       0
      Locals:         2       0       0       0       0
      Temps:          2       0       0       0       0
      Totals:         4       0       0       0       0
Total ram usage:        4 bytes
 Hardware stack levels required when called:    4
 This function calls:
		_fun
		_i2c_ack
		_i2c_nack
		_i2c_read
		_i2c_send
		_i2c_start
		_i2c_stop
 This function is called by:
		Startup code after reset
 This function uses a non-reentrant model


 *************** function _i2c_stop *****************
 Defined at:
		line 20 in file "adc.h"
 Parameters:    Size  Location     Type
		None
 Auto vars:     Size  Location     Type
		None
 Return value:  Size  Location     Type
                  1    wreg      void 
 Registers used:
		status,2, status,0, pclath, cstack
 Tracked objects:
		On entry : 
		On exit  : 
		Unchanged: 
 Data sizes:     COMMON   BANK0   BANK1   BANK3   BANK2
      Params:         0       0       0       0       0
      Locals:         0       0       0       0       0
      Temps:          0       0       0       0       0
      Totals:         0       0       0       0       0
Total ram usage:        0 bytes
 Hardware stack levels used:    1
 Hardware stack levels required when called:    1
 This function calls:
		_i2c_flag
 This function is called by:
		_main
 This function uses a non-reentrant model


 *************** function _i2c_start *****************
 Defined at:
		line 15 in file "adc.h"
 Parameters:    Size  Location     Type
		None
 Auto vars:     Size  Location     Type
		None
 Return value:  Size  Location     Type
                  1    wreg      void 
 Registers used:
		status,2, status,0, pclath, cstack
 Tracked objects:
		On entry : 
		On exit  : 
		Unchanged: 
 Data sizes:     COMMON   BANK0   BANK1   BANK3   BANK2
      Params:         0       0       0       0       0
      Locals:         0       0       0       0       0
      Temps:          0       0       0       0       0
      Totals:         0       0       0       0       0
Total ram usage:        0 bytes
 Hardware stack levels used:    1
 Hardware stack levels required when called:    1
 This function calls:
		_i2c_flag
 This function is called by:
		_main
 This function uses a non-reentrant model


 *************** function _i2c_send *****************
 Defined at:
		line 42 in file "adc.h"
 Parameters:    Size  Location     Type
  b               1    wreg     unsigned char 
 Auto vars:     Size  Location     Type
  b               1    0[COMMON] unsigned char 
 Return value:  Size  Location     Type
                  1    wreg      void 
 Registers used:
		wreg, status,2, status,0, pclath, cstack
 Tracked objects:
		On entry : 
		On exit  : 
		Unchanged: 
 Data sizes:     COMMON   BANK0   BANK1   BANK3   BANK2
      Params:         0       0       0       0       0
      Locals:         1       0       0       0       0
      Temps:          0       0       0       0       0
      Totals:         1       0       0       0       0
Total ram usage:        1 bytes
 Hardware stack levels used:    1
 Hardware stack levels required when called:    1
 This function calls:
		_i2c_flag
 This function is called by:
		_main
 This function uses a non-reentrant model


 *************** function _i2c_read *****************
 Defined at:
		line 50 in file "adc.h"
 Parameters:    Size  Location     Type
		None
 Auto vars:     Size  Location     Type
		None
 Return value:  Size  Location     Type
                  1    wreg      unsigned char 
 Registers used:
		wreg, status,2, status,0, pclath, cstack
 Tracked objects:
		On entry : 
		On exit  : 
		Unchanged: 
 Data sizes:     COMMON   BANK0   BANK1   BANK3   BANK2
      Params:         0       0       0       0       0
      Locals:         0       0       0       0       0
      Temps:          0       0       0       0       0
      Totals:         0       0       0       0       0
Total ram usage:        0 bytes
 Hardware stack levels used:    1
 Hardware stack levels required when called:    1
 This function calls:
		_i2c_flag
 This function is called by:
		_main
 This function uses a non-reentrant model


 *************** function _i2c_nack *****************
 Defined at:
		line 36 in file "adc.h"
 Parameters:    Size  Location     Type
		None
 Auto vars:     Size  Location     Type
		None
 Return value:  Size  Location     Type
                  1    wreg      void 
 Registers used:
		status,2, status,0, pclath, cstack
 Tracked objects:
		On entry : 
		On exit  : 
		Unchanged: 
 Data sizes:     COMMON   BANK0   BANK1   BANK3   BANK2
      Params:         0       0       0       0       0
      Locals:         0       0       0       0       0
      Temps:          0       0       0       0       0
      Totals:         0       0       0       0       0
Total ram usage:        0 bytes
 Hardware stack levels used:    1
 Hardware stack levels required when called:    1
 This function calls:
		_i2c_flag
 This function is called by:
		_main
 This function uses a non-reentrant model


 *************** function _i2c_ack *****************
 Defined at:
		line 30 in file "adc.h"
 Parameters:    Size  Location     Type
		None
 Auto vars:     Size  Location     Type
		None
 Return value:  Size  Location     Type
                  1    wreg      void 
 Registers used:
		status,2, status,0, pclath, cstack
 Tracked objects:
		On entry : 
		On exit  : 
		Unchanged: 
 Data sizes:     COMMON   BANK0   BANK1   BANK3   BANK2
      Params:         0       0       0       0       0
      Locals:         0       0       0       0       0
      Temps:          0       0       0       0       0
      Totals:         0       0       0       0       0
Total ram usage:        0 bytes
 Hardware stack levels used:    1
 Hardware stack levels required when called:    1
 This function calls:
		_i2c_flag
 This function is called by:
		_main
 This function uses a non-reentrant model


 *************** function _i2c_flag *****************
 Defined at:
		line 10 in file "adc.h"
 Parameters:    Size  Location     Type
		None
 Auto vars:     Size  Location     Type
		None
 Return value:  Size  Location     Type
                  1    wreg      void 
 Registers used:
		None
 Tracked objects:
		On entry : 
		On exit  : 
		Unchanged: 
 Data sizes:     COMMON   BANK0   BANK1   BANK3   BANK2
      Params:         0       0       0       0       0
      Locals:         0       0       0       0       0
      Temps:          0       0       0       0       0
      Totals:         0       0       0       0       0
Total ram usage:        0 bytes
 Hardware stack levels used:    1
 This function calls:
		Nothing
 This function is called by:
		_i2c_start
		_i2c_stop
		_i2c_ack
		_i2c_nack
		_i2c_send
		_i2c_read
		_i2c_restart
 This function uses a non-reentrant model


 *************** function _fun *****************
 Defined at:
		line 64 in file "16bitfinaladc.c"
 Parameters:    Size  Location     Type
  adc             2    8[COMMON] unsigned int 
 Auto vars:     Size  Location     Type
  f               2   26[BANK0 ] unsigned int 
  d               2   24[BANK0 ] unsigned int 
  b               2   22[BANK0 ] unsigned int 
  a               2   20[BANK0 ] unsigned int 
  l               2   18[BANK0 ] unsigned int 
  n               2   16[BANK0 ] unsigned int 
  m               2   14[BANK0 ] unsigned int 
  k               2   12[BANK0 ] unsigned int 
  j               2   10[BANK0 ] unsigned int 
  i               2    8[BANK0 ] unsigned int 
  h               2    6[BANK0 ] unsigned int 
  g               2    4[BANK0 ] unsigned int 
  e               2    2[BANK0 ] unsigned int 
  c               2    0[BANK0 ] unsigned int 
 Return value:  Size  Location     Type
                  1    wreg      void 
 Registers used:
		wreg, status,2, status,0, btemp+1, pclath, cstack
 Tracked objects:
		On entry : 
		On exit  : 
		Unchanged: 
 Data sizes:     COMMON   BANK0   BANK1   BANK3   BANK2
      Params:         2       0       0       0       0
      Locals:         0      28       0       0       0
      Temps:          0       0       0       0       0
      Totals:         2      28       0       0       0
Total ram usage:       30 bytes
 Hardware stack levels used:    1
 Hardware stack levels required when called:    3
 This function calls:
		___lwdiv
		___lwmod
		_cmmd
		_dat
 This function is called by:
		_main
 This function uses a non-reentrant model


 *************** function _dat *****************
 Defined at:
		line 47 in file "16bitfinaladc.c"
 Parameters:    Size  Location     Type
  y               2    2[COMMON] unsigned int 
 Auto vars:     Size  Location     Type
		None
 Return value:  Size  Location     Type
                  1    wreg      void 
 Registers used:
		wreg, status,2, status,0, btemp+1, pclath, cstack
 Tracked objects:
		On entry : 
		On exit  : 
		Unchanged: 
 Data sizes:     COMMON   BANK0   BANK1   BANK3   BANK2
      Params:         2       0       0       0       0
      Locals:         0       0       0       0       0
      Temps:          0       0       0       0       0
      Totals:         2       0       0       0       0
Total ram usage:        2 bytes
 Hardware stack levels used:    1
 Hardware stack levels required when called:    1
 This function calls:
		_delay
 This function is called by:
		_fun
 This function uses a non-reentrant model


 *************** function _cmmd *****************
 Defined at:
		line 56 in file "16bitfinaladc.c"
 Parameters:    Size  Location     Type
		None
 Auto vars:     Size  Location     Type
		None
 Return value:  Size  Location     Type
                  1    wreg      void 
 Registers used:
		wreg, status,2, status,0, btemp+1, pclath, cstack
 Tracked objects:
		On entry : 
		On exit  : 
		Unchanged: 
 Data sizes:     COMMON   BANK0   BANK1   BANK3   BANK2
      Params:         0       0       0       0       0
      Locals:         0       0       0       0       0
      Temps:          0       0       0       0       0
      Totals:         0       0       0       0       0
Total ram usage:        0 bytes
 Hardware stack levels used:    1
 Hardware stack levels required when called:    2
 This function calls:
		_cmd
 This function is called by:
		_fun
 This function uses a non-reentrant model


 *************** function _cmd *****************
 Defined at:
		line 38 in file "16bitfinaladc.c"
 Parameters:    Size  Location     Type
  x               2    2[COMMON] unsigned int 
 Auto vars:     Size  Location     Type
		None
 Return value:  Size  Location     Type
                  1    wreg      void 
 Registers used:
		wreg, status,2, status,0, btemp+1, pclath, cstack
 Tracked objects:
		On entry : 
		On exit  : 
		Unchanged: 
 Data sizes:     COMMON   BANK0   BANK1   BANK3   BANK2
      Params:         2       0       0       0       0
      Locals:         0       0       0       0       0
      Temps:          0       0       0       0       0
      Totals:         2       0       0       0       0
Total ram usage:        2 bytes
 Hardware stack levels used:    1
 Hardware stack levels required when called:    1
 This function calls:
		_delay
 This function is called by:
		_cmmd
 This function uses a non-reentrant model


 *************** function _delay *****************
 Defined at:
		line 33 in file "16bitfinaladc.c"
 Parameters:    Size  Location     Type
		None
 Auto vars:     Size  Location     Type
  i               2    0[COMMON] int 
 Return value:  Size  Location     Type
                  1    wreg      void 
 Registers used:
		wreg, status,2, btemp+1
 Tracked objects:
		On entry : 
		On exit  : 
		Unchanged: 
 Data sizes:     COMMON   BANK0   BANK1   BANK3   BANK2
      Params:         0       0       0       0       0
      Locals:         2       0       0       0       0
      Temps:          0       0       0       0       0
      Totals:         2       0       0       0       0
Total ram usage:        2 bytes
 Hardware stack levels used:    1
 This function calls:
		Nothing
 This function is called by:
		_cmd
		_dat
 This function uses a non-reentrant model


 *************** function ___lwmod *****************
 Defined at:
		line 6 in file "C:\Program Files (x86)\Microchip\xc8\v1.41\sources\common\lwmod.c"
 Parameters:    Size  Location     Type
  divisor         2    0[COMMON] unsigned int 
  dividend        2    2[COMMON] unsigned int 
 Auto vars:     Size  Location     Type
  counter         1    5[COMMON] unsigned char 
 Return value:  Size  Location     Type
                  2    0[COMMON] unsigned int 
 Registers used:
		wreg, status,2, status,0
 Tracked objects:
		On entry : 
		On exit  : 
		Unchanged: 
 Data sizes:     COMMON   BANK0   BANK1   BANK3   BANK2
      Params:         4       0       0       0       0
      Locals:         1       0       0       0       0
      Temps:          1       0       0       0       0
      Totals:         6       0       0       0       0
Total ram usage:        6 bytes
 Hardware stack levels used:    1
 This function calls:
		Nothing
 This function is called by:
		_fun
 This function uses a non-reentrant model


 *************** function ___lwdiv *****************
 Defined at:
		line 6 in file "C:\Program Files (x86)\Microchip\xc8\v1.41\sources\common\lwdiv.c"
 Parameters:    Size  Location     Type
  divisor         2    0[COMMON] unsigned int 
  dividend        2    2[COMMON] unsigned int 
 Auto vars:     Size  Location     Type
  quotient        2    5[COMMON] unsigned int 
  counter         1    7[COMMON] unsigned char 
 Return value:  Size  Location     Type
                  2    0[COMMON] unsigned int 
 Registers used:
		wreg, status,2, status,0
 Tracked objects:
		On entry : 
		On exit  : 
		Unchanged: 
 Data sizes:     COMMON   BANK0   BANK1   BANK3   BANK2
      Params:         4       0       0       0       0
      Locals:         3       0       0       0       0
      Temps:          1       0       0       0       0
      Totals:         8       0       0       0       0
Total ram usage:        8 bytes
 Hardware stack levels used:    1
 This function calls:
		Nothing
 This function is called by:
		_fun
 This function uses a non-reentrant model



MODULE INFORMATION

Module		Function		Class		Link	Load	Size
C:\Program Files (x86)\Microchip\xc8\v1.41\sources\common\lwdiv.c
		___lwdiv       		CODE           	062A	0000	61

C:\Program Files (x86)\Microchip\xc8\v1.41\sources\common\lwdiv.c estimated size: 61

adc.h
		_i2c_ack       		CODE           	0573	0000	9
		_i2c_nack      		CODE           	057B	0000	9
		_i2c_start     		CODE           	0565	0000	8
		_i2c_flag      		CODE           	055F	0000	7
		_i2c_stop      		CODE           	056C	0000	8
		_i2c_read      		CODE           	0583	0000	11
		_i2c_send      		CODE           	05A9	0000	16

adc.h estimated size: 68

shared
		__initialization		CODE           	07FC	0000	1

shared estimated size: 1

C:\Program Files (x86)\Microchip\xc8\v1.41\sources\common\lwmod.c
		___lwmod       		CODE           	05F8	0000	51

C:\Program Files (x86)\Microchip\xc8\v1.41\sources\common\lwmod.c estimated size: 51

16bitfinaladc.c
		_delay         		CODE           	05B8	0000	21
		_dat           		CODE           	059B	0000	15
		_main          		CODE           	0666	0000	152
		_fun           		CODE           	06FD	0000	256
		_cmmd          		CODE           	05CC	0000	45
		_cmd           		CODE           	058D	0000	15

16bitfinaladc.c estimated size: 504

